\BOOKMARK [1][-]{section.1}{Nonnegative Matrix Factorization for transcriptomics}{}% 1
\BOOKMARK [2][-]{subsection.1.1}{Image-related NMF}{section.1}% 2
\BOOKMARK [2][-]{subsection.1.2}{Bridging to genomics}{section.1}% 3
\BOOKMARK [3][-]{subsubsection.1.2.1}{Source images}{subsection.1.2}% 4
\BOOKMARK [3][-]{subsubsection.1.2.2}{Pixels}{subsection.1.2}% 5
\BOOKMARK [3][-]{subsubsection.1.2.3}{Basis images}{subsection.1.2}% 6
\BOOKMARK [3][-]{subsubsection.1.2.4}{Encoding}{subsection.1.2}% 7
\BOOKMARK [3][-]{subsubsection.1.2.5}{Final remarks}{subsection.1.2}% 8
\BOOKMARK [2][-]{subsection.1.3}{oNMF}{section.1}% 9
\BOOKMARK [1][-]{section.2}{Dimension-scalable Single-cell Perturbation Integration Network}{}% 10
\BOOKMARK [2][-]{subsection.2.1}{Basic architecture of D-SPIN}{section.2}% 11
\BOOKMARK [2][-]{subsection.2.2}{Step 1: oNMF}{section.2}% 12
\BOOKMARK [2][-]{subsection.2.3}{Step 2: From gene programs to program networks}{section.2}% 13
\BOOKMARK [3][-]{subsubsection.2.3.1}{Networks}{subsection.2.3}% 14
\BOOKMARK [2][-]{subsection.2.4}{Step 3. Programs interaction networks}{section.2}% 15
\BOOKMARK [3][-]{subsubsection.2.4.1}{Spin networks in statistical mechanics}{subsection.2.4}% 16
\BOOKMARK [3][-]{subsubsection.2.4.2}{Program networks in transcriptomics}{subsection.2.4}% 17
\BOOKMARK [2][-]{subsection.2.5}{Step 4. Introducing perturbations}{section.2}% 18
\BOOKMARK [3][-]{subsubsection.2.5.1}{Spin network}{subsection.2.5}% 19
\BOOKMARK [3][-]{subsubsection.2.5.2}{Transcriptomics}{subsection.2.5}% 20
\BOOKMARK [1][-]{section.3}{Introduction to the thesis use-case}{}% 21
\BOOKMARK [2][-]{subsection.3.1}{Single-cell genetic perturbation profiling}{section.3}% 22
\BOOKMARK [3][-]{subsubsection.3.1.1}{scRNA-seq}{subsection.3.1}% 23
\BOOKMARK [3][-]{subsubsection.3.1.2}{CRISPR}{subsection.3.1}% 24
\BOOKMARK [3][-]{subsubsection.3.1.3}{Perturb-seq}{subsection.3.1}% 25
\BOOKMARK [2][-]{subsection.3.2}{The Norman et al. Perturb-seq experiment}{section.3}% 26
\BOOKMARK [2][-]{subsection.3.3}{Cutting corners}{section.3}% 27
\BOOKMARK [3][-]{subsubsection.3.3.1}{Preprocessing}{subsection.3.3}% 28
\BOOKMARK [2][-]{subsection.3.4}{Application of D-SPIN to the Norman dataset}{section.3}% 29
\BOOKMARK [1][-]{section.4}{Dataset description}{}% 30
\BOOKMARK [1][-]{section.5}{Running D-SPIN}{}% 31
\BOOKMARK [2][-]{subsection.5.1}{Analysis summary}{section.5}% 32
\BOOKMARK [2][-]{subsection.5.2}{Model specifics}{section.5}% 33
\BOOKMARK [2][-]{subsection.5.3}{Consensus oNMF results}{section.5}% 34
\BOOKMARK [3][-]{subsubsection.5.3.1}{Enrichment}{subsection.5.3}% 35
\BOOKMARK [3][-]{subsubsection.5.3.2}{Programs correlation}{subsection.5.3}% 36
\BOOKMARK [2][-]{subsection.5.4}{Relative responses to perturbations}{section.5}% 37
\BOOKMARK [2][-]{subsection.5.5}{Directional network}{section.5}% 38
\BOOKMARK [1][-]{section.6}{Norman from D-SPIN, and a little more}{}% 39
